<!--

<°))><

Public Services - Shop map
(c) 2008 mabako network. All Rights reserved.

-->

<map>
	
	<!-- Ammu-Nation -->
	<!--
		id = the name of the image in images/ammu/<id>.png
		name = the name to be shown
		weaponid = the real ID of the weapon, see http://development.mtasa.com/index.php?title=Weapons
		ammo = ...; don't add if it's melee
		price = ...
	-->
	<!-- Ammu-Nation 1
		- Los Santos, Market
		- San Fierro, Ocean Flats
	-->
	<shop	id="AMMUN1"	type="ammu"	name="Ammu-Nation"	posX="295"	posY="-38"	posZ="1001.5"	rotation="180"	interior="1"	rows="3"	columns="6">
		<!-- Row 1 -->
		<article	id="COLT45"		name="Pistol"			price="200"	weaponid="22"	ammo="30" enabledDefault="true" />
		<article	id="SILENCED"	name="Silenced Pistol"	price="600"	weaponid="23"	ammo="30" enabledDefault="false"/>
		<article	id="DEAGLE"		name="Desert Eagle"		price="1200"	weaponid="24"	ammo="15" enabledDefault="false"/>
		
		<article	id="GRENADE"	name="Grenade"			price="300"	weaponid="16"	ammo="5" enabledDefault="false" />
		<article	id="PARACHUTE"	name="Parachute"		price="800"	weaponid="46" enabledDefault="false" />
		
		<!-- Row 2 -->
		<article	id="SHOTGUN"	name="Shotgun"			price="600"	weaponid="25"	ammo="15" enabledDefault="true" />
		<article	id="SAWNOFF"	name="Sawn-Off"			price="800"	weaponid="26"	ammo="12" enabledDefault="true" />
		<article	id="COMBAT"	name="Combat Shotgun"		price="1000"	weaponid="27"	ammo="10" enabledDefault="false" />

		<article	id="SNIPER"	name="Sniper Rifle"		price="5000"	weaponid="34"	ammo="10" enabledDefault="false" />
		

		<!-- Row 3 -->
		<article	id="TEC9"	name="Tec9"			price="300"	weaponid="32"	ammo="60" enabledDefault="true" />
		<article	id="MICROUZI"	name="Uzi"			price="500"	weaponid="28"	ammo="60" enabledDefault="false" />
		<article	id="MP5"	name="MP5"			price="2000"	weaponid="29"	ammo="90" enabledDefault="true" />
		
		<article	id="AK47"	name="AK47"			price="3500"	weaponid="30"	ammo="120" enabledDefault="false" />
		<article	id="M4"		name="M4"			price="4500"	weaponid="31"	ammo="150" enabledDefault="false" />

	</shop>

	<!-- Ammu-Nation 2
		- Red County, Blueberry
		- Red County, Palomino Creek
		- Las Venturas, Come-A-Lot
		- Las Venturas, Old Venturas Strip
	-->
	<shop	id="AMMUN2"	type="ammu"	name="Ammu-Nation"	posX="295.5"	posY="-80"	posZ="1001.5"	rotation="180"	interior="1"	rows="3"	columns="6">
			<!-- Row 1 -->
		<article	id="COLT45"		name="Pistol"			price="200"	weaponid="22"	ammo="30" enabledDefault="true" />
		<article	id="SILENCED"	name="Silenced Pistol"	price="600"	weaponid="23"	ammo="30" enabledDefault="false"/>
		<article	id="DEAGLE"		name="Desert Eagle"		price="1200"	weaponid="24"	ammo="15" enabledDefault="false"/>
		
		<article	id="GRENADE"	name="Grenade"			price="300"	weaponid="16"	ammo="5" enabledDefault="false" />
		<article	id="PARACHUTE"	name="Parachute"		price="800"	weaponid="46" enabledDefault="false" />
		
		<!-- Row 2 -->
		<article	id="SHOTGUN"	name="Shotgun"			price="600"	weaponid="25"	ammo="15" enabledDefault="true" />
		<article	id="SAWNOFF"	name="Sawn-Off"			price="800"	weaponid="26"	ammo="12" enabledDefault="true" />
		<article	id="COMBAT"	name="Combat Shotgun"		price="1000"	weaponid="27"	ammo="10" enabledDefault="false" />

		<article	id="SNIPER"	name="Sniper Rifle"		price="5000"	weaponid="34"	ammo="10" enabledDefault="false" />
		

		<!-- Row 3 -->
		<article	id="TEC9"	name="Tec9"			price="300"	weaponid="32"	ammo="60" enabledDefault="true" />
		<article	id="MICROUZI"	name="Uzi"			price="500"	weaponid="28"	ammo="60" enabledDefault="false" />
		<article	id="MP5"	name="MP5"			price="2000"	weaponid="29"	ammo="90" enabledDefault="true" />
		
		<article	id="AK47"	name="AK47"			price="3500"	weaponid="30"	ammo="120" enabledDefault="false" />
		<article	id="M4"		name="M4"			price="4500"	weaponid="31"	ammo="150" enabledDefault="false" />

	</shop>	

	<!-- Ammu-Nation 3
		- Bone County
		- Bone County, Fort Carson
		- Whetstone, Angel Pine
		- Los Santos, Willowfield
	-->
	<shop	id="AMMUN3"	type="ammu"	name="Ammu-Nation"	posX="290"	posY="-109"	posZ="1001.5"	rotation="180"	interior="1"	rows="3"	columns="6">
			<!-- Row 1 -->
		<article	id="COLT45"		name="Pistol"			price="200"	weaponid="22"	ammo="30" enabledDefault="true" />
		<article	id="SILENCED"	name="Silenced Pistol"	price="600"	weaponid="23"	ammo="30" enabledDefault="false"/>
		<article	id="DEAGLE"		name="Desert Eagle"		price="1200"	weaponid="24"	ammo="15" enabledDefault="false"/>
		
		<article	id="GRENADE"	name="Grenade"			price="300"	weaponid="16"	ammo="5" enabledDefault="false" />
		<article	id="PARACHUTE"	name="Parachute"		price="800"	weaponid="46" enabledDefault="false" />
		
		<!-- Row 2 -->
		<article	id="SHOTGUN"	name="Shotgun"			price="600"	weaponid="25"	ammo="15" enabledDefault="true" />
		<article	id="SAWNOFF"	name="Sawn-Off"			price="800"	weaponid="26"	ammo="12" enabledDefault="true" />
		<article	id="COMBAT"	name="Combat Shotgun"		price="1000"	weaponid="27"	ammo="10" enabledDefault="false" />

		<article	id="SNIPER"	name="Sniper Rifle"		price="5000"	weaponid="34"	ammo="10" enabledDefault="false" />
		

		<!-- Row 3 -->
		<article	id="TEC9"	name="Tec9"			price="300"	weaponid="32"	ammo="60" enabledDefault="true" />
		<article	id="MICROUZI"	name="Uzi"			price="500"	weaponid="28"	ammo="60" enabledDefault="false" />
		<article	id="MP5"	name="MP5"			price="2000"	weaponid="29"	ammo="90" enabledDefault="true" />
		
		<article	id="AK47"	name="AK47"			price="3500"	weaponid="30"	ammo="120" enabledDefault="false" />
		<article	id="M4"		name="M4"			price="4500"	weaponid="31"	ammo="150" enabledDefault="false" />

	</shop>
	
	<!-- Ammu-Nation 5
		- Tierra Robada, El Querebados
	-->
	<shop	id="AMMUN5"	type="ammu"	name="Ammu-Nation"	posX="312"	posY="-165.5"	posZ="999.6"	rotation="180"	interior="6"	rows="3"	columns="6">
		<!-- Row 1 -->
		<article	id="COLT45"		name="Pistol"			price="200"	weaponid="22"	ammo="30" enabledDefault="true" />
		<article	id="SILENCED"	name="Silenced Pistol"	price="600"	weaponid="23"	ammo="30" enabledDefault="false"/>
		<article	id="DEAGLE"		name="Desert Eagle"		price="1200"	weaponid="24"	ammo="15" enabledDefault="false"/>
		
		<article	id="GRENADE"	name="Grenade"			price="300"	weaponid="16"	ammo="5" enabledDefault="false" />
		<article	id="PARACHUTE"	name="Parachute"		price="800"	weaponid="46" enabledDefault="false" />
		
		<!-- Row 2 -->
		<article	id="SHOTGUN"	name="Shotgun"			price="600"	weaponid="25"	ammo="15" enabledDefault="true" />
		<article	id="SAWNOFF"	name="Sawn-Off"			price="800"	weaponid="26"	ammo="12" enabledDefault="true" />
		<article	id="COMBAT"	name="Combat Shotgun"		price="1000"	weaponid="27"	ammo="10" enabledDefault="false" />

		<article	id="SNIPER"	name="Sniper Rifle"		price="5000"	weaponid="34"	ammo="10" enabledDefault="false" />
		

		<!-- Row 3 -->
		<article	id="TEC9"	name="Tec9"			price="300"	weaponid="32"	ammo="60" enabledDefault="true" />
		<article	id="MICROUZI"	name="Uzi"			price="500"	weaponid="28"	ammo="60" enabledDefault="false" />
		<article	id="MP5"	name="MP5"			price="2000"	weaponid="29"	ammo="90" enabledDefault="true" />
		
		<article	id="AK47"	name="AK47"			price="3500"	weaponid="30"	ammo="120" enabledDefault="false" />
		<article	id="M4"		name="M4"			price="4500"	weaponid="31"	ammo="150" enabledDefault="false" />
	</shop>
</map>